[globalactivationsonline.com/activate-now/indexffd2.html]
[backblue.gif]
[fade.gif]
[index.html]
[globalactivationsonline.com/wp-content/themes/astra/assets/css/minified/main.min7bcd.css]
[globalactivationsonline.com/wp-includes/css/dist/block-library/style.min109c.css]
[globalactivationsonline.com/wp-content/plugins/surecart/dist/components/surecart/surecartbe23.css]
[globalactivationsonline.com/activate-now/index.html]
[globalactivationsonline.com/wp-content/plugins/surecart/packages/blocks/Blocks/Product/BuyButton/style109c.css]
[globalactivationsonline.com/wp-content/plugins/ultimate-addons-for-gutenberg/assets/css/spectra-block-positioning.min12d7.css]
[globalactivationsonline.com/wp-content/uploads/uag-plugin/assets/1000/uag-css-930ba34.css]
[globalactivationsonline.com/wp-content/plugins/call-now-button/resources/style/modernf915.css]
[globalactivationsonline.com/wp-content/uploads/2024/10/cropped-Global-TV-Activation-32x32.png]
[globalactivationsonline.com/wp-content/uploads/2024/10/cropped-Global-TV-Activation-192x192.png]
[globalactivationsonline.com/wp-content/uploads/2024/10/cropped-Global-TV-Activation-180x180.png]
[globalactivationsonline.com/wp-content/themes/astra/assets/js/minified/frontend.min7bcd.js]
[globalactivationsonline.com/activate-now/_https_/globalactivationsonline.com/checkout/index.html]
[globalactivationsonline.com/wp-includes/js/dist/hooks.min2757.js]
[globalactivationsonline.com/wp-includes/js/dist/i18n.minc33c.js]
[globalactivationsonline.com/wp-includes/js/dist/vendor/regenerator-runtime.min6c85.js]
[globalactivationsonline.com/wp-content/plugins/surecart/dist/components/static-loaderd26b.js]
[globalactivationsonline.com/wp-includes/js/dist/dom-ready.min5346.js]
[globalactivationsonline.com/wp-content/plugins/astra-sites/inc/lib/onboarding/assets/dist/template-preview/maina11c.js]
[globalactivationsonline.com/wp-content/plugins/ultimate-addons-for-gutenberg/assets/js/spectra-block-positioning.min12d7.js]
[globalactivationsonline.com/wp-content/plugins/ultimate-addons-for-gutenberg/assets/js/uagb-button-child.min12d7.js]
[globalactivationsonline.com/wp-content/uploads/uag-plugin/assets/1000/uag-js-930ba34.js]
[globalactivationsonline.com/activate-now/indexffd2.html]
[globalactivationsonline.com/activate-now/index.html]
[globalactivationsonline.com/wp-content/themes/astra/assets/css/minified/main.min7bcd.css]
[globalactivationsonline.com/wp-includes/css/dist/block-library/style.min109c.css]
[globalactivationsonline.com/wp-content/plugins/surecart/dist/components/surecart/surecartbe23.css]
[globalactivationsonline.com/wp-content/plugins/surecart/packages/blocks/Blocks/Product/BuyButton/style109c.css]
[globalactivationsonline.com/wp-content/plugins/wp-live-chat-support/public/css/wplc-plugin-public34f3.css]
[globalactivationsonline.com/wp-content/plugins/ultimate-addons-for-gutenberg/assets/css/spectra-block-positioning.min12d7.css]
[globalactivationsonline.com/wp-content/uploads/uag-plugin/assets/1000/uag-css-930ba34.css]
[globalactivationsonline.com/wp-content/plugins/call-now-button/resources/style/modernf915.css]
[globalactivationsonline.com/activate-now/_https_/globalactivationsonline.com/checkout/index.html]
